In file included from main.cpp:6:0:
map.h:33:36: warning: non-static data member initializers only available with -std=c++11 or -std=gnu++11 [enabled by default]
  City start_city = City("NULL_CITY");
                                    ^
